| (parameter (parameter (property (package infer-sources) true listen) 0) 0) | ClientSideUrlRedirect |
| (parameter (parameter (property (package infer-sources) true listen) 0) 0) | CodeInjection |
| (parameter (parameter (property (package infer-sources) true listen) 0) 0) | CommandInjection |
| (parameter (parameter (property (package infer-sources) true listen) 0) 0) | ConditionalBypass |
| (parameter (parameter (property (package infer-sources) true listen) 0) 0) | CorsMisconfigurationForCredentials |
| (parameter (parameter (property (package infer-sources) true listen) 0) 0) | DifferentKindsComparisonBypass |
| (parameter (parameter (property (package infer-sources) true listen) 0) 0) | DomBasedXss |
| (parameter (parameter (property (package infer-sources) true listen) 0) 0) | NosqlInjection |
| (parameter (parameter (property (package infer-sources) true listen) 0) 0) | ReflectedXss |
| (parameter (parameter (property (package infer-sources) true listen) 0) 0) | RegExpInjection |
| (parameter (parameter (property (package infer-sources) true listen) 0) 0) | RemoteJsonTrackingConfig |
| (parameter (parameter (property (package infer-sources) true listen) 0) 0) | RemotePropertyInjection |
| (parameter (parameter (property (package infer-sources) true listen) 0) 0) | ServerSideUrlRedirect |
| (parameter (parameter (property (package infer-sources) true listen) 0) 0) | SqlInjection |
| (parameter (parameter (property (package infer-sources) true listen) 0) 0) | TaintedFormatString |
| (parameter (parameter (property (package infer-sources) true listen) 0) 0) | TaintedPath |
| (parameter (parameter (property (package infer-sources) true listen) 0) 0) | UnsafeDeserialization |
| (parameter (parameter (property (package infer-sources) true listen) 0) 0) | XmlBomb |
| (parameter (parameter (property (package infer-sources) true listen) 0) 0) | XpathInjection |
| (parameter (parameter (property (package infer-sources) true listen) 0) 0) | Xxe |
