| (member (member (return (member (root https://www.npmjs.com/package/infer-sources) createError)) a) a) | (member (member (return (member (root https://www.npmjs.com/package/infer-sources) createError)) a) a) |
| (member (member (return (member (root https://www.npmjs.com/package/infer-sources) createError)) a) a) | (member (member (return (member (root https://www.npmjs.com/package/infer-sources) createError)) a) b) |
| (member (member (return (member (root https://www.npmjs.com/package/infer-sources) createError)) a) a) | (member (member (return (member (root https://www.npmjs.com/package/infer-sources) createError)) b) a) |
| (member (member (return (member (root https://www.npmjs.com/package/infer-sources) createError)) a) a) | (member (member (return (member (root https://www.npmjs.com/package/infer-sources) createError)) b) b) |
| (member (member (return (member (root https://www.npmjs.com/package/infer-sources) createError)) a) a) | (member (return (member (root https://www.npmjs.com/package/infer-sources) createError)) a) |
| (member (member (return (member (root https://www.npmjs.com/package/infer-sources) createError)) a) a) | (member (return (member (root https://www.npmjs.com/package/infer-sources) createError)) b) |
| (member (member (return (member (root https://www.npmjs.com/package/infer-sources) createError)) a) b) | (member (member (return (member (root https://www.npmjs.com/package/infer-sources) createError)) a) a) |
| (member (member (return (member (root https://www.npmjs.com/package/infer-sources) createError)) a) b) | (member (member (return (member (root https://www.npmjs.com/package/infer-sources) createError)) a) b) |
| (member (member (return (member (root https://www.npmjs.com/package/infer-sources) createError)) a) b) | (member (member (return (member (root https://www.npmjs.com/package/infer-sources) createError)) b) a) |
| (member (member (return (member (root https://www.npmjs.com/package/infer-sources) createError)) a) b) | (member (member (return (member (root https://www.npmjs.com/package/infer-sources) createError)) b) b) |
| (member (member (return (member (root https://www.npmjs.com/package/infer-sources) createError)) a) b) | (member (return (member (root https://www.npmjs.com/package/infer-sources) createError)) a) |
| (member (member (return (member (root https://www.npmjs.com/package/infer-sources) createError)) a) b) | (member (return (member (root https://www.npmjs.com/package/infer-sources) createError)) b) |
| (member (member (return (member (root https://www.npmjs.com/package/infer-sources) createError)) a) c) | (member (member (return (member (root https://www.npmjs.com/package/infer-sources) createError)) a) a) |
| (member (member (return (member (root https://www.npmjs.com/package/infer-sources) createError)) a) c) | (member (member (return (member (root https://www.npmjs.com/package/infer-sources) createError)) a) b) |
| (member (member (return (member (root https://www.npmjs.com/package/infer-sources) createError)) a) c) | (member (member (return (member (root https://www.npmjs.com/package/infer-sources) createError)) b) a) |
| (member (member (return (member (root https://www.npmjs.com/package/infer-sources) createError)) a) c) | (member (member (return (member (root https://www.npmjs.com/package/infer-sources) createError)) b) b) |
| (member (member (return (member (root https://www.npmjs.com/package/infer-sources) createError)) a) c) | (member (return (member (root https://www.npmjs.com/package/infer-sources) createError)) a) |
| (member (member (return (member (root https://www.npmjs.com/package/infer-sources) createError)) a) c) | (member (return (member (root https://www.npmjs.com/package/infer-sources) createError)) b) |
| (member (member (return (member (root https://www.npmjs.com/package/infer-sources) createError)) a) d) | (member (member (return (member (root https://www.npmjs.com/package/infer-sources) createError)) a) a) |
| (member (member (return (member (root https://www.npmjs.com/package/infer-sources) createError)) a) d) | (member (member (return (member (root https://www.npmjs.com/package/infer-sources) createError)) a) b) |
| (member (member (return (member (root https://www.npmjs.com/package/infer-sources) createError)) a) d) | (member (member (return (member (root https://www.npmjs.com/package/infer-sources) createError)) b) a) |
| (member (member (return (member (root https://www.npmjs.com/package/infer-sources) createError)) a) d) | (member (member (return (member (root https://www.npmjs.com/package/infer-sources) createError)) b) b) |
| (member (member (return (member (root https://www.npmjs.com/package/infer-sources) createError)) a) d) | (member (return (member (root https://www.npmjs.com/package/infer-sources) createError)) a) |
| (member (member (return (member (root https://www.npmjs.com/package/infer-sources) createError)) a) d) | (member (return (member (root https://www.npmjs.com/package/infer-sources) createError)) b) |
| (member (member (return (member (root https://www.npmjs.com/package/infer-sources) createError)) b) a) | (member (member (return (member (root https://www.npmjs.com/package/infer-sources) createError)) a) a) |
| (member (member (return (member (root https://www.npmjs.com/package/infer-sources) createError)) b) a) | (member (member (return (member (root https://www.npmjs.com/package/infer-sources) createError)) a) b) |
| (member (member (return (member (root https://www.npmjs.com/package/infer-sources) createError)) b) a) | (member (member (return (member (root https://www.npmjs.com/package/infer-sources) createError)) b) a) |
| (member (member (return (member (root https://www.npmjs.com/package/infer-sources) createError)) b) a) | (member (member (return (member (root https://www.npmjs.com/package/infer-sources) createError)) b) b) |
| (member (member (return (member (root https://www.npmjs.com/package/infer-sources) createError)) b) a) | (member (return (member (root https://www.npmjs.com/package/infer-sources) createError)) a) |
| (member (member (return (member (root https://www.npmjs.com/package/infer-sources) createError)) b) a) | (member (return (member (root https://www.npmjs.com/package/infer-sources) createError)) b) |
| (member (member (return (member (root https://www.npmjs.com/package/infer-sources) createError)) b) b) | (member (member (return (member (root https://www.npmjs.com/package/infer-sources) createError)) a) a) |
| (member (member (return (member (root https://www.npmjs.com/package/infer-sources) createError)) b) b) | (member (member (return (member (root https://www.npmjs.com/package/infer-sources) createError)) a) b) |
| (member (member (return (member (root https://www.npmjs.com/package/infer-sources) createError)) b) b) | (member (member (return (member (root https://www.npmjs.com/package/infer-sources) createError)) b) a) |
| (member (member (return (member (root https://www.npmjs.com/package/infer-sources) createError)) b) b) | (member (member (return (member (root https://www.npmjs.com/package/infer-sources) createError)) b) b) |
| (member (member (return (member (root https://www.npmjs.com/package/infer-sources) createError)) b) b) | (member (return (member (root https://www.npmjs.com/package/infer-sources) createError)) a) |
| (member (member (return (member (root https://www.npmjs.com/package/infer-sources) createError)) b) b) | (member (return (member (root https://www.npmjs.com/package/infer-sources) createError)) b) |
| (member (member (return (member (root https://www.npmjs.com/package/infer-sources) createError)) b) c) | (member (member (return (member (root https://www.npmjs.com/package/infer-sources) createError)) a) a) |
| (member (member (return (member (root https://www.npmjs.com/package/infer-sources) createError)) b) c) | (member (member (return (member (root https://www.npmjs.com/package/infer-sources) createError)) a) b) |
| (member (member (return (member (root https://www.npmjs.com/package/infer-sources) createError)) b) c) | (member (member (return (member (root https://www.npmjs.com/package/infer-sources) createError)) b) a) |
| (member (member (return (member (root https://www.npmjs.com/package/infer-sources) createError)) b) c) | (member (member (return (member (root https://www.npmjs.com/package/infer-sources) createError)) b) b) |
| (member (member (return (member (root https://www.npmjs.com/package/infer-sources) createError)) b) c) | (member (return (member (root https://www.npmjs.com/package/infer-sources) createError)) a) |
| (member (member (return (member (root https://www.npmjs.com/package/infer-sources) createError)) b) c) | (member (return (member (root https://www.npmjs.com/package/infer-sources) createError)) b) |
| (member (member (return (member (root https://www.npmjs.com/package/infer-sources) createError)) b) d) | (member (member (return (member (root https://www.npmjs.com/package/infer-sources) createError)) a) a) |
| (member (member (return (member (root https://www.npmjs.com/package/infer-sources) createError)) b) d) | (member (member (return (member (root https://www.npmjs.com/package/infer-sources) createError)) a) b) |
| (member (member (return (member (root https://www.npmjs.com/package/infer-sources) createError)) b) d) | (member (member (return (member (root https://www.npmjs.com/package/infer-sources) createError)) b) a) |
| (member (member (return (member (root https://www.npmjs.com/package/infer-sources) createError)) b) d) | (member (member (return (member (root https://www.npmjs.com/package/infer-sources) createError)) b) b) |
| (member (member (return (member (root https://www.npmjs.com/package/infer-sources) createError)) b) d) | (member (return (member (root https://www.npmjs.com/package/infer-sources) createError)) a) |
| (member (member (return (member (root https://www.npmjs.com/package/infer-sources) createError)) b) d) | (member (return (member (root https://www.npmjs.com/package/infer-sources) createError)) b) |
| (member (return (member (root https://www.npmjs.com/package/infer-sources) createError)) a) | (member (member (return (member (root https://www.npmjs.com/package/infer-sources) createError)) a) a) |
| (member (return (member (root https://www.npmjs.com/package/infer-sources) createError)) a) | (member (member (return (member (root https://www.npmjs.com/package/infer-sources) createError)) a) b) |
| (member (return (member (root https://www.npmjs.com/package/infer-sources) createError)) a) | (member (member (return (member (root https://www.npmjs.com/package/infer-sources) createError)) b) a) |
| (member (return (member (root https://www.npmjs.com/package/infer-sources) createError)) a) | (member (member (return (member (root https://www.npmjs.com/package/infer-sources) createError)) b) b) |
| (member (return (member (root https://www.npmjs.com/package/infer-sources) createError)) a) | (member (return (member (root https://www.npmjs.com/package/infer-sources) createError)) a) |
| (member (return (member (root https://www.npmjs.com/package/infer-sources) createError)) a) | (member (return (member (root https://www.npmjs.com/package/infer-sources) createError)) b) |
| (member (return (member (root https://www.npmjs.com/package/infer-sources) createError)) b) | (member (member (return (member (root https://www.npmjs.com/package/infer-sources) createError)) a) a) |
| (member (return (member (root https://www.npmjs.com/package/infer-sources) createError)) b) | (member (member (return (member (root https://www.npmjs.com/package/infer-sources) createError)) a) b) |
| (member (return (member (root https://www.npmjs.com/package/infer-sources) createError)) b) | (member (member (return (member (root https://www.npmjs.com/package/infer-sources) createError)) b) a) |
| (member (return (member (root https://www.npmjs.com/package/infer-sources) createError)) b) | (member (member (return (member (root https://www.npmjs.com/package/infer-sources) createError)) b) b) |
| (member (return (member (root https://www.npmjs.com/package/infer-sources) createError)) b) | (member (return (member (root https://www.npmjs.com/package/infer-sources) createError)) a) |
| (member (return (member (root https://www.npmjs.com/package/infer-sources) createError)) b) | (member (return (member (root https://www.npmjs.com/package/infer-sources) createError)) b) |
| (member (return (member (root https://www.npmjs.com/package/infer-sources) createError)) c) | (member (member (return (member (root https://www.npmjs.com/package/infer-sources) createError)) a) a) |
| (member (return (member (root https://www.npmjs.com/package/infer-sources) createError)) c) | (member (member (return (member (root https://www.npmjs.com/package/infer-sources) createError)) a) b) |
| (member (return (member (root https://www.npmjs.com/package/infer-sources) createError)) c) | (member (member (return (member (root https://www.npmjs.com/package/infer-sources) createError)) b) a) |
| (member (return (member (root https://www.npmjs.com/package/infer-sources) createError)) c) | (member (member (return (member (root https://www.npmjs.com/package/infer-sources) createError)) b) b) |
| (member (return (member (root https://www.npmjs.com/package/infer-sources) createError)) c) | (member (return (member (root https://www.npmjs.com/package/infer-sources) createError)) a) |
| (member (return (member (root https://www.npmjs.com/package/infer-sources) createError)) c) | (member (return (member (root https://www.npmjs.com/package/infer-sources) createError)) b) |
| (member (return (member (root https://www.npmjs.com/package/infer-sources) createError)) d) | (member (member (return (member (root https://www.npmjs.com/package/infer-sources) createError)) a) a) |
| (member (return (member (root https://www.npmjs.com/package/infer-sources) createError)) d) | (member (member (return (member (root https://www.npmjs.com/package/infer-sources) createError)) a) b) |
| (member (return (member (root https://www.npmjs.com/package/infer-sources) createError)) d) | (member (member (return (member (root https://www.npmjs.com/package/infer-sources) createError)) b) a) |
| (member (return (member (root https://www.npmjs.com/package/infer-sources) createError)) d) | (member (member (return (member (root https://www.npmjs.com/package/infer-sources) createError)) b) b) |
| (member (return (member (root https://www.npmjs.com/package/infer-sources) createError)) d) | (member (return (member (root https://www.npmjs.com/package/infer-sources) createError)) a) |
| (member (return (member (root https://www.npmjs.com/package/infer-sources) createError)) d) | (member (return (member (root https://www.npmjs.com/package/infer-sources) createError)) b) |
| (parameter (member (root https://www.npmjs.com/package/infer-sources) h) 0) | (return (member (root https://www.npmjs.com/package/infer-sources) h)) |
| (parameter (member (root https://www.npmjs.com/package/infer-sources) invoke) 1) | (parameter (parameter (member (root https://www.npmjs.com/package/infer-sources) invoke) 0) 0) |
| (parameter (member (root https://www.npmjs.com/package/infer-sources) notACookieSource) 0) | (return (member (root https://www.npmjs.com/package/infer-sources) notACookieSource)) |
| (parameter (member (root https://www.npmjs.com/package/infer-sources) notASink) 0) | (return (member (root https://www.npmjs.com/package/infer-sources) notASink)) |
