| (property (property (return (property (package infer-sources) true createError)) true a) true a) | (property (property (return (property (package infer-sources) true createError)) true a) true a) |
| (property (property (return (property (package infer-sources) true createError)) true a) true a) | (property (property (return (property (package infer-sources) true createError)) true a) true b) |
| (property (property (return (property (package infer-sources) true createError)) true a) true a) | (property (property (return (property (package infer-sources) true createError)) true b) true a) |
| (property (property (return (property (package infer-sources) true createError)) true a) true a) | (property (property (return (property (package infer-sources) true createError)) true b) true b) |
| (property (property (return (property (package infer-sources) true createError)) true a) true a) | (property (return (property (package infer-sources) true createError)) true a) |
| (property (property (return (property (package infer-sources) true createError)) true a) true a) | (property (return (property (package infer-sources) true createError)) true b) |
| (property (property (return (property (package infer-sources) true createError)) true a) true b) | (property (property (return (property (package infer-sources) true createError)) true a) true a) |
| (property (property (return (property (package infer-sources) true createError)) true a) true b) | (property (property (return (property (package infer-sources) true createError)) true a) true b) |
| (property (property (return (property (package infer-sources) true createError)) true a) true b) | (property (property (return (property (package infer-sources) true createError)) true b) true a) |
| (property (property (return (property (package infer-sources) true createError)) true a) true b) | (property (property (return (property (package infer-sources) true createError)) true b) true b) |
| (property (property (return (property (package infer-sources) true createError)) true a) true b) | (property (return (property (package infer-sources) true createError)) true a) |
| (property (property (return (property (package infer-sources) true createError)) true a) true b) | (property (return (property (package infer-sources) true createError)) true b) |
| (property (property (return (property (package infer-sources) true createError)) true a) true c) | (property (property (return (property (package infer-sources) true createError)) true a) true a) |
| (property (property (return (property (package infer-sources) true createError)) true a) true c) | (property (property (return (property (package infer-sources) true createError)) true a) true b) |
| (property (property (return (property (package infer-sources) true createError)) true a) true c) | (property (property (return (property (package infer-sources) true createError)) true b) true a) |
| (property (property (return (property (package infer-sources) true createError)) true a) true c) | (property (property (return (property (package infer-sources) true createError)) true b) true b) |
| (property (property (return (property (package infer-sources) true createError)) true a) true c) | (property (return (property (package infer-sources) true createError)) true a) |
| (property (property (return (property (package infer-sources) true createError)) true a) true c) | (property (return (property (package infer-sources) true createError)) true b) |
| (property (property (return (property (package infer-sources) true createError)) true a) true d) | (property (property (return (property (package infer-sources) true createError)) true a) true a) |
| (property (property (return (property (package infer-sources) true createError)) true a) true d) | (property (property (return (property (package infer-sources) true createError)) true a) true b) |
| (property (property (return (property (package infer-sources) true createError)) true a) true d) | (property (property (return (property (package infer-sources) true createError)) true b) true a) |
| (property (property (return (property (package infer-sources) true createError)) true a) true d) | (property (property (return (property (package infer-sources) true createError)) true b) true b) |
| (property (property (return (property (package infer-sources) true createError)) true a) true d) | (property (return (property (package infer-sources) true createError)) true a) |
| (property (property (return (property (package infer-sources) true createError)) true a) true d) | (property (return (property (package infer-sources) true createError)) true b) |
| (property (property (return (property (package infer-sources) true createError)) true b) true a) | (property (property (return (property (package infer-sources) true createError)) true a) true a) |
| (property (property (return (property (package infer-sources) true createError)) true b) true a) | (property (property (return (property (package infer-sources) true createError)) true a) true b) |
| (property (property (return (property (package infer-sources) true createError)) true b) true a) | (property (property (return (property (package infer-sources) true createError)) true b) true a) |
| (property (property (return (property (package infer-sources) true createError)) true b) true a) | (property (property (return (property (package infer-sources) true createError)) true b) true b) |
| (property (property (return (property (package infer-sources) true createError)) true b) true a) | (property (return (property (package infer-sources) true createError)) true a) |
| (property (property (return (property (package infer-sources) true createError)) true b) true a) | (property (return (property (package infer-sources) true createError)) true b) |
| (property (property (return (property (package infer-sources) true createError)) true b) true b) | (property (property (return (property (package infer-sources) true createError)) true a) true a) |
| (property (property (return (property (package infer-sources) true createError)) true b) true b) | (property (property (return (property (package infer-sources) true createError)) true a) true b) |
| (property (property (return (property (package infer-sources) true createError)) true b) true b) | (property (property (return (property (package infer-sources) true createError)) true b) true a) |
| (property (property (return (property (package infer-sources) true createError)) true b) true b) | (property (property (return (property (package infer-sources) true createError)) true b) true b) |
| (property (property (return (property (package infer-sources) true createError)) true b) true b) | (property (return (property (package infer-sources) true createError)) true a) |
| (property (property (return (property (package infer-sources) true createError)) true b) true b) | (property (return (property (package infer-sources) true createError)) true b) |
| (property (property (return (property (package infer-sources) true createError)) true b) true c) | (property (property (return (property (package infer-sources) true createError)) true a) true a) |
| (property (property (return (property (package infer-sources) true createError)) true b) true c) | (property (property (return (property (package infer-sources) true createError)) true a) true b) |
| (property (property (return (property (package infer-sources) true createError)) true b) true c) | (property (property (return (property (package infer-sources) true createError)) true b) true a) |
| (property (property (return (property (package infer-sources) true createError)) true b) true c) | (property (property (return (property (package infer-sources) true createError)) true b) true b) |
| (property (property (return (property (package infer-sources) true createError)) true b) true c) | (property (return (property (package infer-sources) true createError)) true a) |
| (property (property (return (property (package infer-sources) true createError)) true b) true c) | (property (return (property (package infer-sources) true createError)) true b) |
| (property (property (return (property (package infer-sources) true createError)) true b) true d) | (property (property (return (property (package infer-sources) true createError)) true a) true a) |
| (property (property (return (property (package infer-sources) true createError)) true b) true d) | (property (property (return (property (package infer-sources) true createError)) true a) true b) |
| (property (property (return (property (package infer-sources) true createError)) true b) true d) | (property (property (return (property (package infer-sources) true createError)) true b) true a) |
| (property (property (return (property (package infer-sources) true createError)) true b) true d) | (property (property (return (property (package infer-sources) true createError)) true b) true b) |
| (property (property (return (property (package infer-sources) true createError)) true b) true d) | (property (return (property (package infer-sources) true createError)) true a) |
| (property (property (return (property (package infer-sources) true createError)) true b) true d) | (property (return (property (package infer-sources) true createError)) true b) |
| (property (return (property (package infer-sources) true createError)) true a) | (property (property (return (property (package infer-sources) true createError)) true a) true a) |
| (property (return (property (package infer-sources) true createError)) true a) | (property (property (return (property (package infer-sources) true createError)) true a) true b) |
| (property (return (property (package infer-sources) true createError)) true a) | (property (property (return (property (package infer-sources) true createError)) true b) true a) |
| (property (return (property (package infer-sources) true createError)) true a) | (property (property (return (property (package infer-sources) true createError)) true b) true b) |
| (property (return (property (package infer-sources) true createError)) true a) | (property (return (property (package infer-sources) true createError)) true a) |
| (property (return (property (package infer-sources) true createError)) true a) | (property (return (property (package infer-sources) true createError)) true b) |
| (property (return (property (package infer-sources) true createError)) true b) | (property (property (return (property (package infer-sources) true createError)) true a) true a) |
| (property (return (property (package infer-sources) true createError)) true b) | (property (property (return (property (package infer-sources) true createError)) true a) true b) |
| (property (return (property (package infer-sources) true createError)) true b) | (property (property (return (property (package infer-sources) true createError)) true b) true a) |
| (property (return (property (package infer-sources) true createError)) true b) | (property (property (return (property (package infer-sources) true createError)) true b) true b) |
| (property (return (property (package infer-sources) true createError)) true b) | (property (return (property (package infer-sources) true createError)) true a) |
| (property (return (property (package infer-sources) true createError)) true b) | (property (return (property (package infer-sources) true createError)) true b) |
| (property (return (property (package infer-sources) true createError)) true c) | (property (property (return (property (package infer-sources) true createError)) true a) true a) |
| (property (return (property (package infer-sources) true createError)) true c) | (property (property (return (property (package infer-sources) true createError)) true a) true b) |
| (property (return (property (package infer-sources) true createError)) true c) | (property (property (return (property (package infer-sources) true createError)) true b) true a) |
| (property (return (property (package infer-sources) true createError)) true c) | (property (property (return (property (package infer-sources) true createError)) true b) true b) |
| (property (return (property (package infer-sources) true createError)) true c) | (property (return (property (package infer-sources) true createError)) true a) |
| (property (return (property (package infer-sources) true createError)) true c) | (property (return (property (package infer-sources) true createError)) true b) |
| (property (return (property (package infer-sources) true createError)) true d) | (property (property (return (property (package infer-sources) true createError)) true a) true a) |
| (property (return (property (package infer-sources) true createError)) true d) | (property (property (return (property (package infer-sources) true createError)) true a) true b) |
| (property (return (property (package infer-sources) true createError)) true d) | (property (property (return (property (package infer-sources) true createError)) true b) true a) |
| (property (return (property (package infer-sources) true createError)) true d) | (property (property (return (property (package infer-sources) true createError)) true b) true b) |
| (property (return (property (package infer-sources) true createError)) true d) | (property (return (property (package infer-sources) true createError)) true a) |
| (property (return (property (package infer-sources) true createError)) true d) | (property (return (property (package infer-sources) true createError)) true b) |
